2026-07-15 03:12:34,031 | INFO     | 
2026-07-15 03:12:34,031 | INFO     | ================================================================================
2026-07-15 03:12:34,031 | INFO     | PROJECT STARTED
2026-07-15 03:12:34,031 | INFO     | ================================================================================
2026-07-15 03:12:34,031 | INFO     | Log File                      : C:\MSI\LivestockWeight\output\dataset_audit\2026-07-15_03-12-34\logs\dataset_audit.log
2026-07-15 03:12:34,095 | INFO     | 
2026-07-15 03:12:34,095 | INFO     | ================================================================================
2026-07-15 03:12:34,095 | INFO     | LIVESTOCK WEIGHT ESTIMATION
2026-07-15 03:12:34,095 | INFO     | ================================================================================
2026-07-15 03:12:34,095 | INFO     | 
2026-07-15 03:12:34,095 | INFO     | ================================================================================
2026-07-15 03:12:34,095 | INFO     | READING DATASET
2026-07-15 03:12:34,095 | INFO     | ================================================================================
2026-07-15 03:12:34,095 | INFO     | B2 | Rear
2026-07-15 03:12:34,115 | WARNING  | Ignored image: Invalid B2 filename: IMG_20220129_104343.jpg
2026-07-15 03:12:34,115 | INFO     | Images                        : 320
2026-07-15 03:12:34,115 | INFO     | 
2026-07-15 03:12:34,115 | INFO     | B2 | Rear_2
2026-07-15 03:12:34,127 | INFO     | Images                        : 194
2026-07-15 03:12:34,127 | INFO     | 
2026-07-15 03:12:34,127 | INFO     | B2 | Side
2026-07-15 03:12:34,148 | WARNING  | Ignored image: Invalid B2 filename: IMG_20220129_104320.jpg
2026-07-15 03:12:34,148 | INFO     | Images                        : 318
2026-07-15 03:12:34,148 | INFO     | 
2026-07-15 03:12:34,148 | INFO     | B2 | Side_2
2026-07-15 03:12:34,162 | INFO     | Images                        : 192
2026-07-15 03:12:34,162 | INFO     | 
2026-07-15 03:12:34,162 | INFO     | B4 | Rear
2026-07-15 03:12:34,249 | INFO     | Images                        : 1943
2026-07-15 03:12:34,249 | INFO     | 
2026-07-15 03:12:34,249 | INFO     | B4 | Side
2026-07-15 03:12:34,394 | INFO     | Images                        : 1943
2026-07-15 03:12:34,394 | INFO     | 
2026-07-15 03:12:34,394 | INFO     | 
2026-07-15 03:12:34,394 | INFO     | ================================================================================
2026-07-15 03:12:34,394 | INFO     | DATASET LOADED
2026-07-15 03:12:34,394 | INFO     | ================================================================================
2026-07-15 03:12:34,394 | INFO     | Folders                       : 6
2026-07-15 03:12:34,394 | INFO     | Images                        : 4910
2026-07-15 03:12:34,394 | INFO     | Animals                       : 2464
2026-07-15 03:12:34,406 | INFO     | 
2026-07-15 03:12:34,406 | INFO     | ================================================================================
2026-07-15 03:12:34,406 | INFO     | GENERATING FIGURES
2026-07-15 03:12:34,406 | INFO     | ================================================================================
2026-07-15 03:12:37,350 | INFO     | Figures generated successfully.
2026-07-15 03:12:37,350 | INFO     | Figures Folder : C:\MSI\LivestockWeight\output\figures
2026-07-15 03:12:37,350 | INFO     | 
2026-07-15 03:12:37,350 | INFO     | ================================================================================
2026-07-15 03:12:37,350 | INFO     | GENERATING REPORTS
2026-07-15 03:12:37,350 | INFO     | ================================================================================
2026-07-15 03:12:37,365 | INFO     | Reports generated successfully.
2026-07-15 03:12:37,365 | INFO     | 
2026-07-15 03:12:37,365 | INFO     | ================================================================================
2026-07-15 03:12:37,365 | INFO     | DATASET AUDIT COMPLETED
2026-07-15 03:12:37,365 | INFO     | ================================================================================
2026-07-15 03:12:37,365 | INFO     | Execution Time : 3.35 seconds
2026-07-15 03:12:37,365 | INFO     | 
2026-07-15 03:12:37,365 | INFO     | ================================================================================
2026-07-15 03:12:37,365 | INFO     | SUMMARY
2026-07-15 03:12:37,365 | INFO     | ================================================================================
2026-07-15 03:12:37,365 | INFO     | Images              : 4910
2026-07-15 03:12:37,365 | INFO     | Animals             : 2464
2026-07-15 03:12:37,365 | INFO     | Figures Generated   : 7
2026-07-15 03:12:37,365 | INFO     | Reports Generated   : 3
